 * Serving Flask app 'node'
 * Debug mode: off
 * Serving Flask app 'node'
 * Debug mode: off
[2026-03-05 19:45:42,646] [node2] [31m[1mWARNING: This is a development server. Do not use it in a production deployment. Use a production WSGI server instead.[0m
 * Running on all addresses (0.0.0.0)
 * Running on http://127.0.0.1:5002
 * Running on http://10.12.245.21:5002
[2026-03-05 19:45:42,646] [node2] [33mPress CTRL+C to quit[0m
[2026-03-05 19:45:42,649] [node1] [31m[1mWARNING: This is a development server. Do not use it in a production deployment. Use a production WSGI server instead.[0m
 * Running on all addresses (0.0.0.0)
 * Running on http://127.0.0.1:5001
 * Running on http://10.12.245.21:5001
[2026-03-05 19:45:42,649] [node1] [33mPress CTRL+C to quit[0m
 * Serving Flask app 'node'
 * Debug mode: off
[2026-03-05 19:45:42,661] [node3] [31m[1mWARNING: This is a development server. Do not use it in a production deployment. Use a production WSGI server instead.[0m
 * Running on all addresses (0.0.0.0)
 * Running on http://127.0.0.1:5003
 * Running on http://10.12.245.21:5003
[2026-03-05 19:45:42,661] [node3] [33mPress CTRL+C to quit[0m
[2026-03-05 19:45:47,252] [node1] Write request received for user user1: laptop x 1
[2026-03-05 19:45:47,258] [node1] Local write successful. Vector clock: {'node1': 1}
[2026-03-05 19:45:49,292] [node3] Updated replica for user user1 (remote was newer)
[2026-03-05 19:45:49,292] [node2] Updated replica for user user1 (remote was newer)
[2026-03-05 19:45:49,298] [node3] 127.0.0.1 - - [05/Mar/2026 19:45:49] "POST /replicate/write_cart HTTP/1.1" 200 -
[2026-03-05 19:45:49,298] [node2] 127.0.0.1 - - [05/Mar/2026 19:45:49] "POST /replicate/write_cart HTTP/1.1" 200 -
[2026-03-05 19:45:49,375] [node1] Quorum satisfied (3/2 acks). Confirming successfully to client.
[2026-03-05 19:45:49,376] [node1] 127.0.0.1 - - [05/Mar/2026 19:45:49] "POST /cart/add HTTP/1.1" 200 -
[2026-03-05 19:45:52,417] [node2] Read request received for user user1
[2026-03-05 19:45:54,441] [node1] 127.0.0.1 - - [05/Mar/2026 19:45:54] "GET /replicate/read_cart?user_id=user1 HTTP/1.1" 200 -
[2026-03-05 19:45:54,451] [node3] 127.0.0.1 - - [05/Mar/2026 19:45:54] "GET /replicate/read_cart?user_id=user1 HTTP/1.1" 200 -
[2026-03-05 19:45:54,537] [node2] 127.0.0.1 - - [05/Mar/2026 19:45:54] "GET /cart/user1 HTTP/1.1" 200 -
[2026-03-05 19:45:56,573] [node3] Read request received for user user1
[2026-03-05 19:45:58,597] [node2] 127.0.0.1 - - [05/Mar/2026 19:45:58] "GET /replicate/read_cart?user_id=user1 HTTP/1.1" 200 -
[2026-03-05 19:45:58,598] [node1] 127.0.0.1 - - [05/Mar/2026 19:45:58] "GET /replicate/read_cart?user_id=user1 HTTP/1.1" 200 -
[2026-03-05 19:45:58,690] [node3] 127.0.0.1 - - [05/Mar/2026 19:45:58] "GET /cart/user1 HTTP/1.1" 200 -
[2026-03-05 19:46:00,726] [node1] Updated Quorum Configuration: R=1, W=1
[2026-03-05 19:46:00,727] [node1] 127.0.0.1 - - [05/Mar/2026 19:46:00] "POST /config HTTP/1.1" 200 -
[2026-03-05 19:46:02,755] [node2] Updated Quorum Configuration: R=1, W=1
[2026-03-05 19:46:02,757] [node2] 127.0.0.1 - - [05/Mar/2026 19:46:02] "POST /config HTTP/1.1" 200 -
[2026-03-05 19:46:04,799] [node3] Updated Quorum Configuration: R=1, W=1
[2026-03-05 19:46:04,801] [node3] 127.0.0.1 - - [05/Mar/2026 19:46:04] "POST /config HTTP/1.1" 200 -
[2026-03-05 19:46:06,855] [node1] Write request received for user user2: mouse x 1
[2026-03-05 19:46:06,857] [node1] Local write successful. Vector clock: {'node1': 1}
[2026-03-05 19:46:06,861] [node1] Quorum satisfied (1/1 acks). Confirming successfully to client.
[2026-03-05 19:46:06,861] [node1] 127.0.0.1 - - [05/Mar/2026 19:46:06] "POST /cart/add HTTP/1.1" 200 -
[2026-03-05 19:46:08,884] [node2] Updated replica for user user2 (remote was newer)
[2026-03-05 19:46:08,884] [node2] 127.0.0.1 - - [05/Mar/2026 19:46:08] "POST /replicate/write_cart HTTP/1.1" 200 -
[2026-03-05 19:46:08,899] [node3] Read request received for user user2
[2026-03-05 19:46:08,904] [node3] Updated replica for user user2 (remote was newer)
[2026-03-05 19:46:08,908] [node3] 127.0.0.1 - - [05/Mar/2026 19:46:08] "GET /cart/user2 HTTP/1.1" 200 -
[2026-03-05 19:46:08,908] [node3] 127.0.0.1 - - [05/Mar/2026 19:46:08] "POST /replicate/write_cart HTTP/1.1" 200 -
[2026-03-05 19:46:10,920] [node1] 127.0.0.1 - - [05/Mar/2026 19:46:10] "GET /replicate/read_cart?user_id=user2 HTTP/1.1" 200 -
[2026-03-05 19:46:10,921] [node2] 127.0.0.1 - - [05/Mar/2026 19:46:10] "GET /replicate/read_cart?user_id=user2 HTTP/1.1" 200 -
[2026-03-05 19:46:10,954] [node1] Updated Quorum Configuration: R=2, W=2
[2026-03-05 19:46:10,954] [node1] 127.0.0.1 - - [05/Mar/2026 19:46:10] "POST /config HTTP/1.1" 200 -
[2026-03-05 19:46:12,992] [node2] Updated Quorum Configuration: R=2, W=2
[2026-03-05 19:46:12,993] [node2] 127.0.0.1 - - [05/Mar/2026 19:46:12] "POST /config HTTP/1.1" 200 -
[2026-03-05 19:46:15,039] [node3] Updated Quorum Configuration: R=2, W=2
[2026-03-05 19:46:15,040] [node3] 127.0.0.1 - - [05/Mar/2026 19:46:15] "POST /config HTTP/1.1" 200 -
[2026-03-05 19:46:17,088] [node1] Write request received for user user2: mouse x 1
[2026-03-05 19:46:17,091] [node1] Local write successful. Vector clock: {'node1': 2}
[2026-03-05 19:46:19,109] [node2] Updated replica for user user2 (remote was newer)
[2026-03-05 19:46:19,109] [node3] Updated replica for user user2 (remote was newer)
[2026-03-05 19:46:19,110] [node3] 127.0.0.1 - - [05/Mar/2026 19:46:19] "POST /replicate/write_cart HTTP/1.1" 200 -
[2026-03-05 19:46:19,110] [node2] 127.0.0.1 - - [05/Mar/2026 19:46:19] "POST /replicate/write_cart HTTP/1.1" 200 -
[2026-03-05 19:46:19,207] [node1] Quorum satisfied (3/2 acks). Confirming successfully to client.
[2026-03-05 19:46:19,208] [node1] 127.0.0.1 - - [05/Mar/2026 19:46:19] "POST /cart/add HTTP/1.1" 200 -
[2026-03-05 19:46:21,255] [node3] Read request received for user user2
[2026-03-05 19:46:23,272] [node1] 127.0.0.1 - - [05/Mar/2026 19:46:23] "GET /replicate/read_cart?user_id=user2 HTTP/1.1" 200 -
[2026-03-05 19:46:23,276] [node3] 127.0.0.1 - - [05/Mar/2026 19:46:23] "GET /cart/user2 HTTP/1.1" 200 -
[2026-03-05 19:46:23,281] [node2] 127.0.0.1 - - [05/Mar/2026 19:46:23] "GET /replicate/read_cart?user_id=user2 HTTP/1.1" 200 -
[2026-03-05 19:46:25,315] [node1] Updated Quorum Configuration: R=1, W=1
[2026-03-05 19:46:25,316] [node1] 127.0.0.1 - - [05/Mar/2026 19:46:25] "POST /config HTTP/1.1" 200 -
[2026-03-05 19:46:27,362] [node2] Updated Quorum Configuration: R=1, W=1
[2026-03-05 19:46:27,364] [node2] 127.0.0.1 - - [05/Mar/2026 19:46:27] "POST /config HTTP/1.1" 200 -
[2026-03-05 19:46:29,407] [node3] Updated Quorum Configuration: R=1, W=1
[2026-03-05 19:46:29,408] [node3] 127.0.0.1 - - [05/Mar/2026 19:46:29] "POST /config HTTP/1.1" 200 -
[2026-03-05 19:46:31,450] [node1] Write request received for user user3: laptop x 1
[2026-03-05 19:46:31,453] [node1] Local write successful. Vector clock: {'node1': 1}
[2026-03-05 19:46:31,459] [node1] Quorum satisfied (1/1 acks). Confirming successfully to client.
[2026-03-05 19:46:31,461] [node1] 127.0.0.1 - - [05/Mar/2026 19:46:31] "POST /cart/add HTTP/1.1" 200 -
[2026-03-05 19:46:33,479] [node2] Updated replica for user user3 (remote was newer)
[2026-03-05 19:46:33,483] [node2] 127.0.0.1 - - [05/Mar/2026 19:46:33] "POST /replicate/write_cart HTTP/1.1" 200 -
[2026-03-05 19:46:33,493] [node3] Updated replica for user user3 (remote was newer)
[2026-03-05 19:46:33,493] [node3] 127.0.0.1 - - [05/Mar/2026 19:46:33] "POST /replicate/write_cart HTTP/1.1" 200 -
[2026-03-05 19:46:33,507] [node2] Write request received for user user3: mouse x 1
[2026-03-05 19:46:33,511] [node2] Local write successful. Vector clock: {'node1': 1, 'node2': 1}
[2026-03-05 19:46:33,511] [node2] Quorum satisfied (1/1 acks). Confirming successfully to client.
[2026-03-05 19:46:33,518] [node2] 127.0.0.1 - - [05/Mar/2026 19:46:33] "POST /cart/add HTTP/1.1" 200 -
[2026-03-05 19:46:35,550] [node1] Updated replica for user user3 (remote was newer)
[2026-03-05 19:46:35,550] [node3] Updated replica for user user3 (remote was newer)
[2026-03-05 19:46:35,553] [node1] 127.0.0.1 - - [05/Mar/2026 19:46:35] "POST /replicate/write_cart HTTP/1.1" 200 -
[2026-03-05 19:46:35,554] [node3] 127.0.0.1 - - [05/Mar/2026 19:46:35] "POST /replicate/write_cart HTTP/1.1" 200 -
[2026-03-05 19:46:36,566] [node1] Updated Quorum Configuration: R=3, W=2
[2026-03-05 19:46:36,566] [node1] 127.0.0.1 - - [05/Mar/2026 19:46:36] "POST /config HTTP/1.1" 200 -
[2026-03-05 19:46:38,620] [node1] Read request received for user user3
[2026-03-05 19:46:40,635] [node3] 127.0.0.1 - - [05/Mar/2026 19:46:40] "GET /replicate/read_cart?user_id=user3 HTTP/1.1" 200 -
[2026-03-05 19:46:40,635] [node2] 127.0.0.1 - - [05/Mar/2026 19:46:40] "GET /replicate/read_cart?user_id=user3 HTTP/1.1" 200 -
[2026-03-05 19:46:40,736] [node1] 127.0.0.1 - - [05/Mar/2026 19:46:40] "GET /cart/user3 HTTP/1.1" 200 -
[2026-03-05 19:46:42,771] [node1] Write request received for user user_check: laptop x 2
[2026-03-05 19:46:42,773] [node1] Local write successful. Vector clock: {'node1': 1}
[2026-03-05 19:46:44,804] [node3] Updated replica for user user_check (remote was newer)
[2026-03-05 19:46:44,806] [node2] Updated replica for user user_check (remote was newer)
[2026-03-05 19:46:44,806] [node3] 127.0.0.1 - - [05/Mar/2026 19:46:44] "POST /replicate/write_cart HTTP/1.1" 200 -
[2026-03-05 19:46:44,806] [node2] 127.0.0.1 - - [05/Mar/2026 19:46:44] "POST /replicate/write_cart HTTP/1.1" 200 -
[2026-03-05 19:46:44,907] [node1] Quorum satisfied (3/2 acks). Confirming successfully to client.
[2026-03-05 19:46:44,908] [node1] 127.0.0.1 - - [05/Mar/2026 19:46:44] "POST /cart/add HTTP/1.1" 200 -
[2026-03-05 19:46:46,952] [node2] Checkout request received for user user_check
[2026-03-05 19:46:46,952] [node2] Read request received for user user_check
[2026-03-05 19:46:46,984] [node2] 127.0.0.1 - - [05/Mar/2026 19:46:46] "POST /cart/checkout HTTP/1.1" 200 -
[2026-03-05 19:46:48,021] [node3] Updated replica for user user_check (remote was newer)
[2026-03-05 19:46:48,022] [node1] Updated replica for user user_check (remote was newer)
[2026-03-05 19:46:48,022] [node3] 127.0.0.1 - - [05/Mar/2026 19:46:48] "POST /replicate/write_cart HTTP/1.1" 200 -
[2026-03-05 19:46:48,023] [node1] 127.0.0.1 - - [05/Mar/2026 19:46:48] "POST /replicate/write_cart HTTP/1.1" 200 -
[2026-03-05 19:46:48,969] [node3] 127.0.0.1 - - [05/Mar/2026 19:46:48] "GET /replicate/read_cart?user_id=user_check HTTP/1.1" 200 -
[2026-03-05 19:46:48,984] [node1] 127.0.0.1 - - [05/Mar/2026 19:46:48] "GET /replicate/read_cart?user_id=user_check HTTP/1.1" 200 -
[2026-03-05 19:46:49,002] [node3] 127.0.0.1 - - [05/Mar/2026 19:46:49] "POST /replicate/inventory HTTP/1.1" 200 -
[2026-03-05 19:46:49,002] [node1] 127.0.0.1 - - [05/Mar/2026 19:46:49] "POST /replicate/inventory HTTP/1.1" 200 -
[2026-03-05 19:46:49,038] [node3] 127.0.0.1 - - [05/Mar/2026 19:46:49] "GET /inventory HTTP/1.1" 200 -
Started node1 on port 5001
Started node2 on port 5002
Started node3 on port 5003

--- Test Use Case 1: Replication ---
Add to Node 1: {'cart': {'items': {'laptop': 1}, 'vector_clock': {'node1': 1}}, 'status': 'success'}
Read from Node 2: {'cart': {'items': {'laptop': 1}, 'vector_clock': {'node1': 1}}, 'status': 'success'}
Read from Node 3: {'cart': {'items': {'laptop': 1}, 'vector_clock': {'node1': 1}}, 'status': 'success'}

--- Test Use Case 2 & 3: Tunable Consistency ---
Configured W=1, R=1
Immediate read from Node 3 (W=1, R=1): {'cart': {'items': {'mouse': 1}, 'vector_clock': {'node1': 1}}, 'status': 'success'}
Configured W=2, R=2
Read from Node 3 (W=2, R=2): {'cart': {'items': {'mouse': 2}, 'vector_clock': {'node1': 2}}, 'status': 'success'}

--- Test Use Case 4: Concurrent Write Conflict ---
Read after concurrent writes: {'cart': {'items': {'laptop': 1, 'mouse': 1}, 'vector_clock': {'node1': 1, 'node2': 1}}, 'status': 'success'}

--- Test Checkout ---
Checkout response: {'message': 'Checkout successful', 'status': 'success'}
Inventory after checkout: {'laptop': {'price': 80000, 'stock': 23, 'vector_clock': {'node2': 1}}, 'mouse': {'price': 500, 'stock': 100, 'vector_clock': {}}}
Stopped all nodes
